15:40:03 **** Build of configuration Debug for project ps_pl ****
make pre-build main-build 
a9-linaro-pre-build-step
' '
'Building file: ../src/platform.c'
'Invoking: ARM v7 gcc compiler'
arm-none-eabi-gcc -Wall -O0 -g3 -c -fmessage-length=0 -MT"src/platform.o" -mcpu=cortex-a9 -mfpu=vfpv3 -mfloat-abi=hard -I../../ps_pl_bsp/ps7_cortexa9_0/include -MMD -MP -MF"src/platform.d" -MT"src/platform.o" -o "src/platform.o" "../src/platform.c"
'Finished building: ../src/platform.c'
' '
'Building file: ../src/ps_pl.c'
'Invoking: ARM v7 gcc compiler'
arm-none-eabi-gcc -Wall -O0 -g3 -c -fmessage-length=0 -MT"src/ps_pl.o" -mcpu=cortex-a9 -mfpu=vfpv3 -mfloat-abi=hard -I../../ps_pl_bsp/ps7_cortexa9_0/include -MMD -MP -MF"src/ps_pl.d" -MT"src/ps_pl.o" -o "src/ps_pl.o" "../src/ps_pl.c"
../src/ps_pl.c: In function 'Intc_Handler':
../src/ps_pl.c:121:21: warning: format '%lf' expects argument of type 'double *', but argument 3 has type 'float *' [-Wformat=]
      if(fscanf(bias,"%lf",&temp)!=EOF)
                     ^
../src/ps_pl.c:121:21: warning: format '%lf' expects argument of type 'double *', but argument 3 has type 'float *' [-Wformat=]
../src/ps_pl.c:128:21: warning: format '%lf' expects argument of type 'double *', but argument 3 has type 'float *' [-Wformat=]
      if(fscanf(bias,"%lf",&temp)!=EOF)
                     ^
../src/ps_pl.c:128:21: warning: format '%lf' expects argument of type 'double *', but argument 3 has type 'float *' [-Wformat=]
../src/ps_pl.c:141:32: warning: format '%lf' expects argument of type 'double *', but argument 3 has type 'float *' [-Wformat=]
              if(fscanf(weights,"%lf",&temp)!=EOF)
                                ^
../src/ps_pl.c:141:32: warning: format '%lf' expects argument of type 'double *', but argument 3 has type 'float *' [-Wformat=]
../src/ps_pl.c:147:32: warning: format '%lf' expects argument of type 'double *', but argument 3 has type 'float *' [-Wformat=]
              if(fscanf(weights,"%lf",&temp)!=EOF)
                                ^
../src/ps_pl.c:147:32: warning: format '%lf' expects argument of type 'double *', but argument 3 has type 'float *' [-Wformat=]
'Finished building: ../src/ps_pl.c'
' '
'Building target: ps_pl.elf'
'Invoking: ARM v7 gcc linker'
arm-none-eabi-gcc -mcpu=cortex-a9 -mfpu=vfpv3 -mfloat-abi=hard -Wl,-build-id=none -specs=Xilinx.spec -Wl,-T -Wl,../src/lscript.ld -L../../ps_pl_bsp/ps7_cortexa9_0/lib -o "ps_pl.elf"  ./src/platform.o ./src/ps_pl.o   -Wl,--start-group,-lxil,-lgcc,-lc,--end-group
'Finished building target: ps_pl.elf'
' '
'Invoking: ARM v7 Print Size'
arm-none-eabi-size ps_pl.elf  |tee "ps_pl.elf.size"
   text	   data	    bss	    dec	    hex	filename
 134968	   4160	  23360	 162488	  27ab8	ps_pl.elf
'Finished building: ps_pl.elf.size'
' '

15:40:05 Build Finished (took 1s.234ms)

